// Jest Snapshot v1, https://goo.gl/fbAQLP

exports[`Month #render renders <Month /> 1`] = `undefined`;
